// Jest Snapshot v1, https://goo.gl/fbAQLP

exports[`Renders without error 1`] = `
<div
  className="rs-panel"
>
  <div
    aria-expanded={false}
    className="rs-panel-header"
    tabIndex={-1}
  >
    <h3
      className="rs-panel-title"
    >
      New thread
    </h3>
  </div>
  <div
    className="rs-panel-body"
    role="region"
  >
    <div
      className="rs-panel-group"
    >
      <main
        className="rs-content"
      >
        <form
          className="rs-form rs-form-vertical rs-form-fluid"
          onSubmit={[Function]}
        >
          <div
            className="rs-form-group"
            role="group"
          >
            <label
              className="rs-form-control-label"
              htmlFor="title"
              id="title-control-label"
            >
              Title
            </label>
            <div
              className="rs-form-control rs-form-control-wrapper"
            >
              <input
                aria-describedby="title-help-text"
                aria-labelledby="title-control-label"
                className="rs-input"
                id="title"
                name="title"
                onBlur={[Function]}
                onChange={[Function]}
                onKeyDown={[Function]}
                type="text"
                value=""
              />
            </div>
          </div>
          <div
            className="rs-form-group"
            role="group"
          >
            <label
              className="rs-form-control-label"
              htmlFor="message"
              id="message-control-label"
            >
              Message
            </label>
            <div
              className="mb-3 rs-form-control rs-form-control-wrapper"
            >
              <textarea
                aria-describedby="message-help-text"
                aria-labelledby="message-control-label"
                className="rs-input"
                id="message"
                name="message"
                onBlur={[Function]}
                onChange={[Function]}
                onKeyDown={[Function]}
                rows={10}
                type="text"
                value=""
              />
            </div>
          </div>
        </form>
      </main>
    </div>
    <button
      className="rs-btn rs-btn-primary"
      onClick={[Function]}
      type="button"
    >
      Submit
      <span
        className="rs-ripple-pond"
      >
        <span
          className="rs-ripple"
        />
      </span>
    </button>
  </div>
</div>
`;
