// Jest Snapshot v1, https://goo.gl/fbAQLP

exports[`Renders without error 1`] = `
<div
  className="rs-panel rs-panel-default"
>
  <div
    className="rs-panel-heading"
    onClick={[Function]}
    role="rowheader"
    tabIndex={-1}
  >
    <ol
      aria-label="breadcrumbs"
      className="rs-breadcrumb"
      role="navigation"
    >
      <li
        className="rs-breadcrumb-item"
      >
        <a
          href="/"
          onClick={[Function]}
          passHref={true}
          title="Home"
        >
          <i
            className="rs-icon rs-icon-home"
          />
        </a>
      </li>
    </ol>
  </div>
  <div
    className="rs-panel-body"
  >
    <div
      className="rs-panel-group"
    />
  </div>
</div>
`;
